
> servicios-app@1.0.0 dev
> next dev

   ▲ Next.js 14.1.0
   - Local:        http://localhost:3000
   - Environments: .env

 ✓ Ready in 1210ms
 ✓ Compiled /api/auth/[...nextauth] in 266ms (262 modules)
 ✓ Compiled /api/partner/service-requests in 45ms (281 modules)
 ✓ Compiled (283 modules)
 ○ Compiling /partner ...
 ✓ Compiled /partner in 1523ms (903 modules)
 ✓ Compiled in 153ms (317 modules)
 ✓ Compiled /login in 128ms (892 modules)
 ✓ Compiled /dashboard in 141ms (904 modules)
 ✓ Compiled /api/service-requests in 69ms (593 modules)
 ✓ Compiled / in 283ms (919 modules)
 ✓ Compiled /not-found in 444ms (649 modules)
 ✓ Compiled /api/auth/[...nextauth] in 80ms (573 modules)
 ✓ Compiled /api/service-requests in 51ms (592 modules)
 ✓ Compiled (594 modules)
 ✓ Compiled in 567ms (898 modules)
 ✓ Compiled in 1314ms (898 modules)
 ✓ Compiled /not-found in 288ms (889 modules)
 ✓ Compiled /api/bookings in 90ms (592 modules)
 ✓ Compiled in 0ms (592 modules)
 ✓ Compiled in 0ms (592 modules)
 ✓ Compiled in 0ms (592 modules)
 ✓ Compiled in 0ms (592 modules)
 ✓ Compiled /api/service-requests in 150ms (594 modules)
 ✓ Compiled in 382ms (924 modules)
 ✓ Compiled in 898ms (898 modules)
